first = A
next = B
next = C
last = D
$F0
$F0
$F0
nonnumeric
zero
undefined
two
2

