(
  	)
(
  	)
illegal character escape z?
invalid character n>?
invalid character >?
