; File generated by rgbasm

; Numeric constants
; No values

; Variables
; No values

; String constants
; No values

; Character maps
newcharmap main

; Macros
; No values
