hello world
multi;ple
line
strings
true
lol
lol
lol
$2A
