`3.1`:    3.100006 -> $0003199a
`5.2`:    5.199997 -> $00053333
`MUL`:   16.120026 -> $00101eba
`16.12`: 16.119995 -> $00101eb8
`6.283185`: 6.283188 -> $0006487f
32% of 20 = 6.40015 (~6.40) (~~6)
Q8 $140 Q16 $14000 Q24 $1400000
$14000
