ITEM_100 is hundredth
undef 
label 
label $7E
foo 
xor 
