+42 %d
$2a %x
42   %4d
42 %f
   42    42
2a 2a
hello
hello
hello
hello
42
42
