"a├дbц╝в,aгдbцЁв!" == "a├дbц╝в,aгдbцЁв!" (12)
"b,a"
"A ■Б  ц╝в": 7 == 7
"ц╝вБ"
"abcц╝": 4 == 4
"abcц╝" ends "ц╝"
