$1E240
$AA
$AA
$2DB6D
$3FFFF
$DEADBEEF
$CAFEBABE
$F55
$4D2915B
$4D28F
$1E240
$AA
$A72E
$ABCDEF
$F55
$32439
$2B7CF
$3039
$2A
$A72E
$ABCDEF
$3355
$19E35
$2B7CF
