PC: $002D
global scope: "Foo" ($002B)
local scope: "Foo.bar" ($002C)
