got 0 args: 
got 1 args: ro
got 2 args: : ld a,1
got 0 args: 
got 1 args: ro
got 2 args: : ld b,2
