'mac ':

'mac  1,2':
\1: < 1>
\2: <2>

'mac c,d':
\1: <c>
\2: <d>

'mac 1,2 +  2,3':
\1: <1>
\2: <2 +  2>
\3: <3>

'mac a                                                                                                                                                                                                                                                               b':
\1: <a                                                                                                                                                                                                                                                               b>

'mac ':

'mac ,':
\1: <>

'mac a':
\1: <a>

'mac a,,':
\1: <a>
\2: <>

'mac ,,z':
\1: <>
\2: <>
\3: <z>

'mac a,,z':
\1: <a>
\2: <>
\3: <z>

'mac ,a,b,c':
\1: <>
\2: <a>
\3: <b>
\4: <c>

'mac ,,x,,,':
\1: <>
\2: <>
\3: <x>
\4: <>
\5: <>

'mac E,O,F':
\1: <E>
\2: <O>
\3: <F>

