-1: G == G
-2: F == F
-3: E == E
-4: D == D
-5: C == C
-6: B == B
-7: A == A
0:  == 
-8:  == 
2147483647:  == 
-2147483648:  == >
2147483648:  == >
-1: G == G
4294967295: G == >
