at depth 1
at depth 2
at depth 3
at depth 4
at depth 5
at depth 6
at depth 7
at depth 8
at depth 9
