$80000000
$7FFFFFFF
$80000000
$80000000
$0
$FFFFFFFE
$80000000
$6B90BE55
