hello
hello
the	quick
brown	fox
$41
$41
$42
hello world 65
