1 << 1 = $2
1 << 32 = $0
1 << 9001 = $0
-1 << 1 = $FFFFFFFE
-1 << 32 = $0
-1 << -9001 = $FFFFFFFF
-1 >> 1 = $FFFFFFFF
-1 >> 32 = $FFFFFFFF
-1 >> 9001 = $FFFFFFFF
-4 >> 1 = $FFFFFFFE
-4 >> 2 = $FFFFFFFF
-1 >> -9001 = $0
100 << -2 = $19
1 >> -2 = $4
100 >>> 16 = $0
100 >>> -16 = $640000
100 >>> 32 = $0
100 >>> -32 = $0
-100 >>> 32 = $0
-100 >>> -32 = $0
$DEADBEEF >> 1 = $EF56DF77
$DEADBEEF >>> 1 = $6F56DF77
