Hello world! I am 15 years old today!
signed -000000042 == unsigned 4294967254
	db $70 % 26	; $08
42 = $2a = %101010 = &52 != 42.00000
roses are red
violets are blue
void are 0
3.141586304 ~ three
1 -> 1.235 -> 1.23456
1 eol %
invalid % spec
one=1 two=% three=%
