	ld [hl+], a
hahohahol
hello
world

[bbbbbbbb][bbbbbbbb][bbbbbbbb][bbbbbbbb][bbbbbbbb][bbbbbbbb][bbbbbbbb][bbbbbbbb][bbbbbbbb][bbbbbbbb][bbbbbbbb][bbbbbbbb][bbbbbbbb][bbbbbbbb][bbbbbbbb][bbbbbbbb][bbbbbbbb][bbbbbbbb][bbbbbbbb][bbbbbbbb][bbbbbbbb][bbbbbbbb][bbbbbbbb][bbbbbbbb][bbbbbbbb][bbbbbbbb][bbbbbbbb][bbbbbbbb][bbbbbbbb][bbbbbbbb]
