error: cascading-errors-fatal-assert.asm(1): Unknown symbol "UnknownSymbol"
FATAL: cascading-errors-fatal-assert.asm(1): Failed to evaluate assertion
Linking aborted after 2 errors
