error: Section "test1" has type WRAMX, which must be in bank 1 with options `-w` or `-d`
error: Section "test2" has type VRAM, which must be in bank 0 with option `-d`
Linking failed with 2 errors
