error: invalid-patches.asm(10): JR target must be between -128 and 127 bytes away, not 190; use JP instead
warning: invalid-patches.asm(9): LDH is deprecated with values from $00 to $FF; use $FF00 to $FFFF
error: invalid-patches.asm(8): Requested SIZEOF() of section "NonexistentSection", which was not found
error: invalid-patches.asm(7): Requested STARTOF() of section "NonexistentSection", which was not found
error: invalid-patches.asm(6): Requested BANK() of section "NonexistentSection", which was not found
error: invalid-patches.asm(5): Requested BANK() of symbol "NonexistentSymbol", which was not found
error: invalid-patches.asm(4): Exponent by negative value -1
error: invalid-patches.asm(3): Modulo by 0
Linking failed with 7 errors
