error: Address $1234 for `LDH` is not in HRAM range; use `LD` instead
    at ldh-bad.asm(2)
Linking failed with 1 error
