error: script-unk-keyword.link(1): Unknown keyword `bonjour`
Linking failed with 1 error
