error: Undefined symbol `nothing`
    at sym-noexist.asm(3)
error: Undefined symbol `where`
    at sym-noexist.asm(2)
Linking failed with 2 errors
