FATAL: Unable to place "v1" (VRAM section) anywhere
Linking aborted with 1 error
