error: Unable to place "wx1" (WRAM0 section) anywhere
