error: Section "conflicting alignment" is defined with conflicting 8-byte alignment (offset 7) and 8-byte alignment (offset 6)
---
error: <stdin>(18):
    Section already declared with incompatible 8-byte alignment (offset 7)
FATAL: <stdin>(18):
    Cannot create section "conflicting alignment" (1 error)
