error: Section "conflicting address" is defined with conflicting addresses $beef and $babe
---
error: <stdin>(16):
    Section already declared as fixed at different address $beef
FATAL: <stdin>(16):
    Cannot create section "conflicting address" (1 error)
